// Jest Snapshot v1, https://goo.gl/fbAQLP

exports[`TextArea - component TextArea renders should render the TextArea component 1`] = `
ShallowWrapper {
  "complexSelector": ComplexSelector {
    "buildPredicate": [Function],
    "childrenOfNode": [Function],
    "findWhereUnwrapped": [Function],
  },
  "length": 1,
  "node": <textarea
    autoFocus={undefined}
    className="textArea"
    defaultValue={undefined}
    onBlur={undefined}
    onKeyPress={undefined}
    placeholder={undefined}
/>,
  "nodes": Array [
    <textarea
      autoFocus={undefined}
      className="textArea"
      defaultValue={undefined}
      onBlur={undefined}
      onKeyPress={undefined}
      placeholder={undefined}
/>,
  ],
  "options": Object {},
  "renderer": ReactShallowRenderer {
    "_instance": ShallowComponentWrapper {
      "_calledComponentWillUnmount": false,
      "_compositeType": 0,
      "_context": Object {},
      "_currentElement": <TextArea />,
      "_debugID": 4,
      "_hostContainerInfo": null,
      "_hostParent": null,
      "_instance": TextArea {
        "_reactInternalInstance": [Circular],
        "context": Object {},
        "props": Object {},
        "refs": Object {},
        "state": null,
        "updater": Object {
          "enqueueCallback": [Function],
          "enqueueCallbackInternal": [Function],
          "enqueueElementInternal": [Function],
          "enqueueForceUpdate": [Function],
          "enqueueReplaceState": [Function],
          "enqueueSetState": [Function],
          "isMounted": [Function],
          "validateCallback": [Function],
        },
      },
      "_mountOrder": 1,
      "_pendingCallbacks": null,
      "_pendingElement": null,
      "_pendingForceUpdate": false,
      "_pendingReplaceState": false,
      "_pendingStateQueue": null,
      "_renderedComponent": NoopInternalComponent {
        "_currentElement": <textarea
          autoFocus={undefined}
          className="textArea"
          defaultValue={undefined}
          onBlur={undefined}
          onKeyPress={undefined}
          placeholder={undefined}
/>,
        "_debugID": 5,
        "_renderedOutput": <textarea
          autoFocus={undefined}
          className="textArea"
          defaultValue={undefined}
          onBlur={undefined}
          onKeyPress={undefined}
          placeholder={undefined}
/>,
      },
      "_renderedNodeType": 0,
      "_rootNodeID": 0,
      "_topLevelWrapper": null,
      "_updateBatchNumber": null,
      "_warnedAboutRefsInRender": false,
    },
    "getRenderOutput": [Function],
    "render": [Function],
  },
  "root": [Circular],
  "unrendered": <TextArea />,
}
`;
