// Jest Snapshot v1, https://goo.gl/fbAQLP

exports[`App - Container App renders should render the App component 1`] = `undefined`;
