// Jest Snapshot v1, https://goo.gl/fbAQLP

exports[`Button - Component Button renders should render the Button component 1`] = `undefined`;
