// Jest Snapshot v1, https://goo.gl/fbAQLP

exports[`TopNav - component TopNav renders should render the TopNav component 1`] = `undefined`;
