// Jest Snapshot v1, https://goo.gl/fbAQLP

exports[`Board - Container Board renders should render the Board component 1`] = `undefined`;
