// Jest Snapshot v1, https://goo.gl/fbAQLP

exports[`Idea - Component Idea renders should render the Idea component 1`] = `
ShallowWrapper {
  "complexSelector": ComplexSelector {
    "buildPredicate": [Function],
    "childrenOfNode": [Function],
    "findWhereUnwrapped": [Function],
  },
  "length": 1,
  "node": <div
    className="Idea"
>
    <Input
        autoFocus={true}
        onBlur={[Function]}
        onKeyPress={[Function]}
        placeholder="Type title..."
        text={undefined}
    />
    <div
        className="body"
        onClick={[Function]}
    >
        <p
            className="body-content"
        />
    </div>
</div>,
  "nodes": Array [
    <div
      className="Idea"
>
      <Input
            autoFocus={true}
            onBlur={[Function]}
            onKeyPress={[Function]}
            placeholder="Type title..."
            text={undefined}
      />
      <div
            className="body"
            onClick={[Function]}
      >
            <p
                  className="body-content"
            />
      </div>
</div>,
  ],
  "options": Object {},
  "renderer": ReactShallowRenderer {
    "_instance": ShallowComponentWrapper {
      "_calledComponentWillUnmount": false,
      "_compositeType": 0,
      "_context": Object {},
      "_currentElement": <Idea />,
      "_debugID": 8,
      "_hostContainerInfo": null,
      "_hostParent": null,
      "_instance": Idea {
        "_reactInternalInstance": [Circular],
        "context": Object {},
        "handleBodyFocus": [Function],
        "handleBodyInputKeyPress": [Function],
        "handleBodyInputOnBlur": [Function],
        "handleTitleFocus": [Function],
        "handleTitleInputKeyPress": [Function],
        "handleTitleInputOnBlur": [Function],
        "handleUpdateIdea": [Function],
        "props": Object {},
        "refs": Object {},
        "state": Object {
          "editBody": false,
          "editTitle": true,
        },
        "updater": Object {
          "enqueueCallback": [Function],
          "enqueueCallbackInternal": [Function],
          "enqueueElementInternal": [Function],
          "enqueueForceUpdate": [Function],
          "enqueueReplaceState": [Function],
          "enqueueSetState": [Function],
          "isMounted": [Function],
          "validateCallback": [Function],
        },
      },
      "_mountOrder": 1,
      "_pendingCallbacks": null,
      "_pendingElement": null,
      "_pendingForceUpdate": false,
      "_pendingReplaceState": false,
      "_pendingStateQueue": null,
      "_renderedComponent": NoopInternalComponent {
        "_currentElement": <div
          className="Idea"
>
          <Input
                    autoFocus={true}
                    onBlur={[Function]}
                    onKeyPress={[Function]}
                    placeholder="Type title..."
                    text={undefined}
          />
          <div
                    className="body"
                    onClick={[Function]}
          >
                    <p
                              className="body-content"
                    />
          </div>
</div>,
        "_debugID": 9,
        "_renderedOutput": <div
          className="Idea"
>
          <Input
                    autoFocus={true}
                    onBlur={[Function]}
                    onKeyPress={[Function]}
                    placeholder="Type title..."
                    text={undefined}
          />
          <div
                    className="body"
                    onClick={[Function]}
          >
                    <p
                              className="body-content"
                    />
          </div>
</div>,
      },
      "_renderedNodeType": 0,
      "_rootNodeID": 0,
      "_topLevelWrapper": null,
      "_updateBatchNumber": null,
      "_warnedAboutRefsInRender": false,
    },
    "getRenderOutput": [Function],
    "render": [Function],
  },
  "root": [Circular],
  "unrendered": <Idea />,
}
`;
